// Jest Snapshot v1, https://goo.gl/fbAQLP

exports[`my header component should render correctly 1`] = `
<header
  className="header"
>
  <div
    className="content-container"
  >
    <div
      className="header__content"
    >
      <Link
        className="header__title"
        replace={false}
        to="/dashboard"
      >
        <h1>
          Boilerplate
        </h1>
      </Link>
      <div
        className="profile has-dropdown"
      >
        <img
          alt=""
          className="profile__picture"
          src="foo.png"
        />
        <div
          className="dropdown-menu"
        >
          <div
            className="dropdown-menu__header"
          >
            <strong>
              Account
            </strong>
          </div>
          <Link
            className="dropdown-menu__item"
            replace={false}
            to="/profile"
          >
            Profile
          </Link>
          <Link
            className="dropdown-menu__item logout"
            onClick={[Function]}
            replace={false}
            to="#"
          >
            Logout
          </Link>
        </div>
      </div>
    </div>
  </div>
</header>
`;
