// Jest Snapshot v1, https://goo.gl/fbAQLP

exports[`my LoadingPage component should render correctly 1`] = `
<div
  className="loader"
>
  <img
    className="loader__image"
    src="/images/loader.svg"
  />
</div>
`;
