// Jest Snapshot v1, https://goo.gl/fbAQLP

exports[`my PublicRoute should render correctly 1`] = `
<Route
  component={[Function]}
/>
`;
